<?xml version="1.0" encoding="UTF-8"?>
<testsuites>
  <testsuite name="CLI Arguments" tests="2" assertions="0" errors="2" failures="0" skipped="0" time="0.070799">
    <testsuite name="LoginTest" file="C:\xampp81\htdocs\erp\tests\LoginTest.php" tests="2" assertions="0" errors="2" failures="0" skipped="0" time="0.070799">
      <testcase name="testValidLogin" file="C:\xampp81\htdocs\erp\tests\LoginTest.php" line="6" class="LoginTest" classname="LoginTest" assertions="0" time="0.069532">
      </testcase>
      <testcase name="testInvalidLogin" file="C:\xampp81\htdocs\erp\tests\LoginTest.php" line="12" class="LoginTest" classname="LoginTest" assertions="0" time="0.001267">
      </testcase>
    </testsuite>
  </testsuite>
</testsuites>
